
Welcome to Gradle 8.0!

For more details see https://docs.gradle.org/8.0/release-notes.html

Starting a Gradle Daemon (subsequent builds will be faster)
.\gradlew.bat : 
At line:1 char:32
+ ... :\Users\manoj\Desktop\APK; .\gradlew.bat assembleRelease 2>&1 | 
Tee-O ...
+                                ~~~~~~~~~~~~~~~~~~~~~~~~~~~~~~~~~~
    + CategoryInfo          : NotSpecified: (:String) [], RemoteExcepti 
   on
    + FullyQualifiedErrorId : NativeCommandError
 
FAILURE: Build failed with an exception.

* What went wrong:
Gradle build daemon has been stopped: stop command received

* Try:
> Run with --stacktrace option to get the stack trace.
> Run with --info or --debug option to get more log output.
> Run with --scan to get full insights.

* Get more help at https://help.gradle.org
